device: mps
[epoch 001] train_loss=0.1913 (fid=0.0397 clin=0.3027 mono=0.0021) val_loss=0.1309 (fid=0.0267 clin=0.2084 mono=0.0000) val_ma=0.1309
[epoch 002] train_loss=0.1622 (fid=0.0314 clin=0.2614 mono=0.0005) val_loss=0.1519 (fid=0.0289 clin=0.2460 mono=0.0000) val_ma=0.1414
[epoch 003] train_loss=0.1542 (fid=0.0300 clin=0.2484 mono=0.0002) val_loss=0.1279 (fid=0.0258 clin=0.2043 mono=0.0000) val_ma=0.1369
[epoch 004] train_loss=0.1519 (fid=0.0296 clin=0.2445 mono=0.0001) val_loss=0.1134 (fid=0.0230 clin=0.1809 mono=0.0000) val_ma=0.1311
[epoch 005] train_loss=0.1469 (fid=0.0291 clin=0.2357 mono=0.0001) val_loss=0.1116 (fid=0.0225 clin=0.1781 mono=0.0000) val_ma=0.1272
[epoch 006] train_loss=0.1446 (fid=0.0288 clin=0.2316 mono=0.0000) val_loss=0.1060 (fid=0.0245 clin=0.1631 mono=0.0000) val_ma=0.1222
[epoch 007] train_loss=0.1358 (fid=0.0278 clin=0.2159 mono=0.0000) val_loss=0.1076 (fid=0.0232 clin=0.1688 mono=0.0000) val_ma=0.1133
[epoch 008] train_loss=0.1320 (fid=0.0273 clin=0.2095 mono=0.0000) val_loss=0.0886 (fid=0.0208 clin=0.1356 mono=0.0000) val_ma=0.1055
[epoch 009] train_loss=0.1281 (fid=0.0268 clin=0.2026 mono=0.0000) val_loss=0.0856 (fid=0.0191 clin=0.1330 mono=0.0000) val_ma=0.0999
[epoch 010] train_loss=0.1253 (fid=0.0264 clin=0.1978 mono=0.0000) val_loss=0.1024 (fid=0.0212 clin=0.1625 mono=0.0000) val_ma=0.0981
[epoch 011] train_loss=0.1231 (fid=0.0260 clin=0.1941 mono=0.0000) val_loss=0.0918 (fid=0.0203 clin=0.1430 mono=0.0000) val_ma=0.0952
[epoch 012] train_loss=0.1214 (fid=0.0258 clin=0.1912 mono=0.0000) val_loss=0.0891 (fid=0.0193 clin=0.1396 mono=0.0000) val_ma=0.0915
[epoch 013] train_loss=0.1193 (fid=0.0255 clin=0.1876 mono=0.0000) val_loss=0.0914 (fid=0.0200 clin=0.1427 mono=0.0000) val_ma=0.0921
[epoch 014] train_loss=0.1201 (fid=0.0254 clin=0.1895 mono=0.0000) val_loss=0.0879 (fid=0.0191 clin=0.1377 mono=0.0000) val_ma=0.0925
[epoch 015] train_loss=0.1192 (fid=0.0255 clin=0.1874 mono=0.0000) val_loss=0.1012 (fid=0.0207 clin=0.1611 mono=0.0000) val_ma=0.0923
[epoch 016] train_loss=0.1167 (fid=0.0250 clin=0.1834 mono=0.0000) val_loss=0.0966 (fid=0.0210 clin=0.1511 mono=0.0000) val_ma=0.0932
[epoch 017] train_loss=0.1156 (fid=0.0249 clin=0.1815 mono=0.0000) val_loss=0.1182 (fid=0.0231 clin=0.1903 mono=0.0000) val_ma=0.0991
[epoch 018] train_loss=0.1142 (fid=0.0247 clin=0.1791 mono=0.0000) val_loss=0.0896 (fid=0.0200 clin=0.1393 mono=0.0000) val_ma=0.0987
[epoch 019] train_loss=0.1150 (fid=0.0246 clin=0.1807 mono=0.0000) val_loss=0.0867 (fid=0.0188 clin=0.1357 mono=0.0000) val_ma=0.0985
[epoch 020] train_loss=0.1115 (fid=0.0244 clin=0.1743 mono=0.0000) val_loss=0.0893 (fid=0.0202 clin=0.1383 mono=0.0000) val_ma=0.0961
[epoch 021] train_loss=0.1109 (fid=0.0240 clin=0.1738 mono=0.0000) val_loss=0.0989 (fid=0.0206 clin=0.1568 mono=0.0000) val_ma=0.0966
[epoch 022] train_loss=0.1100 (fid=0.0240 clin=0.1721 mono=0.0000) val_loss=0.0818 (fid=0.0184 clin=0.1269 mono=0.0000) val_ma=0.0893
[epoch 023] train_loss=0.1095 (fid=0.0239 clin=0.1711 mono=0.0000) val_loss=0.0896 (fid=0.0206 clin=0.1381 mono=0.0000) val_ma=0.0893
[epoch 024] train_loss=0.1084 (fid=0.0238 clin=0.1691 mono=0.0000) val_loss=0.0869 (fid=0.0197 clin=0.1345 mono=0.0000) val_ma=0.0893
[epoch 025] train_loss=0.1069 (fid=0.0236 clin=0.1666 mono=0.0000) val_loss=0.0894 (fid=0.0195 clin=0.1399 mono=0.0000) val_ma=0.0894
[epoch 026] train_loss=0.1074 (fid=0.0235 clin=0.1677 mono=0.0000) val_loss=0.0799 (fid=0.0182 clin=0.1233 mono=0.0000) val_ma=0.0855
[epoch 027] train_loss=0.1065 (fid=0.0235 clin=0.1660 mono=0.0000) val_loss=0.0851 (fid=0.0189 clin=0.1324 mono=0.0000) val_ma=0.0862
[epoch 028] train_loss=0.1051 (fid=0.0232 clin=0.1639 mono=0.0000) val_loss=0.1015 (fid=0.0212 clin=0.1606 mono=0.0000) val_ma=0.0886
[epoch 029] train_loss=0.1030 (fid=0.0230 clin=0.1600 mono=0.0000) val_loss=0.1007 (fid=0.0225 clin=0.1563 mono=0.0000) val_ma=0.0913
[epoch 030] train_loss=0.1039 (fid=0.0231 clin=0.1617 mono=0.0000) val_loss=0.0856 (fid=0.0192 clin=0.1328 mono=0.0000) val_ma=0.0906
[epoch 031] train_loss=0.1015 (fid=0.0227 clin=0.1575 mono=0.0000) val_loss=0.1017 (fid=0.0218 clin=0.1598 mono=0.0000) val_ma=0.0949
[epoch 032] train_loss=0.1008 (fid=0.0226 clin=0.1562 mono=0.0000) val_loss=0.0905 (fid=0.0206 clin=0.1398 mono=0.0000) val_ma=0.0960
[epoch 033] train_loss=0.1003 (fid=0.0226 clin=0.1554 mono=0.0000) val_loss=0.0984 (fid=0.0211 clin=0.1546 mono=0.0000) val_ma=0.0954
[epoch 034] train_loss=0.1008 (fid=0.0227 clin=0.1563 mono=0.0000) val_loss=0.0985 (fid=0.0211 clin=0.1548 mono=0.0000) val_ma=0.0950
[epoch 035] train_loss=0.0995 (fid=0.0225 clin=0.1540 mono=0.0000) val_loss=0.0969 (fid=0.0208 clin=0.1522 mono=0.0000) val_ma=0.0972
[epoch 036] train_loss=0.0992 (fid=0.0223 clin=0.1537 mono=0.0000) val_loss=0.0834 (fid=0.0187 clin=0.1293 mono=0.0000) val_ma=0.0935
[epoch 037] train_loss=0.0991 (fid=0.0224 clin=0.1534 mono=0.0000) val_loss=0.0856 (fid=0.0190 clin=0.1333 mono=0.0000) val_ma=0.0926
[epoch 038] train_loss=0.0974 (fid=0.0222 clin=0.1505 mono=0.0000) val_loss=0.0902 (fid=0.0200 clin=0.1405 mono=0.0000) val_ma=0.0909
[epoch 039] train_loss=0.0970 (fid=0.0220 clin=0.1499 mono=0.0000) val_loss=0.0885 (fid=0.0197 clin=0.1377 mono=0.0000) val_ma=0.0889
[epoch 040] train_loss=0.0955 (fid=0.0219 clin=0.1472 mono=0.0000) val_loss=0.0865 (fid=0.0191 clin=0.1347 mono=0.0000) val_ma=0.0869
[epoch 041] train_loss=0.0965 (fid=0.0220 clin=0.1490 mono=0.0000) val_loss=0.0859 (fid=0.0191 clin=0.1336 mono=0.0000) val_ma=0.0874
[early stop] no val_ma improvement for 15 epochs (best val_ma=0.0855)
model selection: best_ckpt=0.0799, swa=0.0874  ->  best_ckpt
Test summary: {
  "n_patients": 50,
  "D2_MAE_gy": 2.7372609744343435,
  "D2_std_gy": 4.774540676461842,
  "D50_MAE_gy": 6.662703496647074,
  "D50_std_gy": 7.164357777139858,
  "Dmean_MAE_gy": 4.87945467891183,
  "Dmean_std_gy": 4.426080088108036,
  "MAD_mean": 0.07771478358656168,
  "MAD_std": 0.04968578157759694,
  "acceptance": {
    "dmean_within_threshold": false,
    "d2_within_threshold": false
  },
  "selected_model": "best_ckpt",
  "val_loss_by_candidate": {
    "best_ckpt": 0.07986809079055533,
    "swa": 0.08737354759465564
  }
}
